c:\users\konxi\csd1451-five-braincells\.tmp\debug-x64\vc143.pdb
c:\users\konxi\csd1451-five-braincells\.tmp\debug-x64\vc143.idb
c:\users\konxi\csd1451-five-braincells\.tmp\debug-x64\utils.obj
c:\users\konxi\csd1451-five-braincells\.tmp\debug-x64\tiledata.obj
c:\users\konxi\csd1451-five-braincells\.tmp\debug-x64\spritemanager.obj
c:\users\konxi\csd1451-five-braincells\.tmp\debug-x64\rigidbodycomponent.obj
c:\users\konxi\csd1451-five-braincells\.tmp\debug-x64\playergameobject.obj
c:\users\konxi\csd1451-five-braincells\.tmp\debug-x64\mapmanager.obj
c:\users\konxi\csd1451-five-braincells\.tmp\debug-x64\main.obj
c:\users\konxi\csd1451-five-braincells\.tmp\debug-x64\gameobjectmanager.obj
c:\users\konxi\csd1451-five-braincells\.tmp\debug-x64\componentbase.obj
c:\users\konxi\csd1451-five-braincells\.tmp\debug-x64\collisionmanager.obj
c:\users\konxi\csd1451-five-braincells\bin\debug-x64\project1.exe
c:\users\konxi\csd1451-five-braincells\bin\debug-x64\project1.pdb
c:\users\konxi\csd1451-five-braincells\.tmp\debug-x64\project1.ilk
c:\users\konxi\csd1451-five-braincells\.tmp\debug-x64\project1.vcxproj.filelistabsolute.txt
c:\users\konxi\csd1451-five-braincells\.tmp\debug-x64\project1.tlog\cl.command.1.tlog
c:\users\konxi\csd1451-five-braincells\.tmp\debug-x64\project1.tlog\cl.items.tlog
c:\users\konxi\csd1451-five-braincells\.tmp\debug-x64\project1.tlog\cl.read.1.tlog
c:\users\konxi\csd1451-five-braincells\.tmp\debug-x64\project1.tlog\cl.write.1.tlog
c:\users\konxi\csd1451-five-braincells\.tmp\debug-x64\project1.tlog\link.command.1.tlog
c:\users\konxi\csd1451-five-braincells\.tmp\debug-x64\project1.tlog\link.read.1.tlog
c:\users\konxi\csd1451-five-braincells\.tmp\debug-x64\project1.tlog\link.secondary.1.tlog
c:\users\konxi\csd1451-five-braincells\.tmp\debug-x64\project1.tlog\link.write.1.tlog
